// Jest Snapshot v1, https://goo.gl/fbAQLP

exports[`applyReactions ethylene glycol 1`] = `
[
  {
    "products": [
      {
        "children": [
          {
            "products": [
              {
                "children": [
                  {
                    "products": [
                      {
                        "children": [
                          {
                            "products": [
                              {
                                "children": [],
                                "idCode": "gGPD@DDHRgZj@@",
                                "mf": "C4H10S2",
                                "molfile": "
Actelion Java MolfileCreator 1.0

  6  5  0  0  0  0  0  0  0  0999 V2000
   -0.0191   -0.1275   -0.0000 C   0  0  0  0  0  0  0  0  0  0  0  0
    4.1530   -1.8268   -0.0000 C   0  0  0  0  0  0  0  0  0  0  0  0
    0.1315    0.2168   -0.0000 S   0  0  0  0  0  0  0  0  0  0  0  0
    4.5318   -1.6197   -0.0000 S   0  0  0  0  0  0  0  0  0  0  0  0
    0.1517   -0.0036   -0.0000 C   0  0  0  0  0  0  0  0  0  0  0  0
    4.6925   -1.8283   -0.0000 C   0  0  0  0  0  0  0  0  0  0  0  0
  1  2  1  0  0  0  0
  3  1  1  0  0  0  0
  3  5  1  0  0  0  0
  4  2  1  0  0  0  0
  4  6  1  0  0  0  0
M  END
",
                              },
                            ],
                            "reactant": {
                              "idCode": "gJPD@DDHRgj\`@",
                              "mf": "C3H8S2",
                              "molfile": "
Actelion Java MolfileCreator 1.0

  5  4  0  0  0  0  0  0  0  0999 V2000
    3.2986   -1.4727   -0.0000 C   0  0  0  0  0  0  0  0  0  0  0  0
    0.0207   -0.0078   -0.0000 C   0  0  0  0  0  0  0  0  0  0  0  0
    3.6674   -1.2710   -0.0000 S   0  0  0  0  0  0  0  0  0  0  0  0
    0.1205    0.2225   -0.0000 S   0  0  0  0  0  0  0  0  0  0  0  0
    3.7988   -1.4741   -0.0000 C   0  0  0  0  0  0  0  0  0  0  0  0
  1  2  1  0  0  0  0
  4  2  1  0  0  0  0
  3  1  1  0  0  0  0
  3  5  1  0  0  0  0
M  END
",
                            },
                            "reaction": {
                              "Label": "SH to SMe",
                              "rxnCode": "eFB@HcAa@!eMB@HchH#S\\ S\\@#!R@FL]bgp !R@FL?XqwZ_@",
                            },
                          },
                        ],
                        "idCode": "gJPD@DDHRgj\`@",
                        "mf": "C3H8S2",
                        "molfile": "
Actelion Java MolfileCreator 1.0

  5  4  0  0  0  0  0  0  0  0999 V2000
    3.2986   -1.4727   -0.0000 C   0  0  0  0  0  0  0  0  0  0  0  0
    0.0207   -0.0078   -0.0000 C   0  0  0  0  0  0  0  0  0  0  0  0
    3.6674   -1.2710   -0.0000 S   0  0  0  0  0  0  0  0  0  0  0  0
    0.1205    0.2225   -0.0000 S   0  0  0  0  0  0  0  0  0  0  0  0
    3.7988   -1.4741   -0.0000 C   0  0  0  0  0  0  0  0  0  0  0  0
  1  2  1  0  0  0  0
  4  2  1  0  0  0  0
  3  1  1  0  0  0  0
  3  5  1  0  0  0  0
M  END
",
                      },
                    ],
                    "reactant": {
                      "idCode": "gC\`D@DXHRVh@",
                      "mf": "C2H6S2",
                      "molfile": "
Actelion Java MolfileCreator 1.0

  4  3  0  0  0  0  0  0  0  0999 V2000
    0.1156   -0.0433   -0.0000 C   0  0  0  0  0  0  0  0  0  0  0  0
    2.7862   -1.0435   -0.0000 C   0  0  0  0  0  0  0  0  0  0  0  0
    0.2077    0.1916   -0.0000 S   0  0  0  0  0  0  0  0  0  0  0  0
    3.0661   -0.8861   -0.0000 S   0  0  0  0  0  0  0  0  0  0  0  0
  1  2  1  0  0  0  0
  3  1  1  0  0  0  0
  4  2  1  0  0  0  0
M  END
",
                    },
                    "reaction": {
                      "Label": "SH to SMe",
                      "rxnCode": "eFB@HcAa@!eMB@HchH#S\\ S\\@#!R@FL]bgp !R@FL?XqwZ_@",
                    },
                  },
                ],
                "idCode": "gC\`D@DXHRVh@",
                "mf": "C2H6S2",
                "molfile": "
Actelion Java MolfileCreator 1.0

  4  3  0  0  0  0  0  0  0  0999 V2000
    0.1156   -0.0433   -0.0000 C   0  0  0  0  0  0  0  0  0  0  0  0
    2.7862   -1.0435   -0.0000 C   0  0  0  0  0  0  0  0  0  0  0  0
    0.2077    0.1916   -0.0000 S   0  0  0  0  0  0  0  0  0  0  0  0
    3.0661   -0.8861   -0.0000 S   0  0  0  0  0  0  0  0  0  0  0  0
  1  2  1  0  0  0  0
  3  1  1  0  0  0  0
  4  2  1  0  0  0  0
M  END
",
              },
            ],
            "reactant": {
              "idCode": "gCaHL@aIZ\`@",
              "mf": "C2H6OS",
              "molfile": "
Actelion Java MolfileCreator 1.0

  4  3  0  0  0  0  0  0  0  0999 V2000
   19.5729   -7.3308   -0.0000 C   0  0  0  0  0  0  0  0  0  0  0  0
   19.5617   -8.3308   -0.0000 C   0  0  0  0  0  0  0  0  0  0  0  0
   20.4220   -8.8405   -0.0000 O   0  0  0  0  0  0  0  0  0  0  0  0
   20.4444   -6.8406   -0.0000 S   0  0  0  0  0  0  0  0  0  0  0  0
  1  2  1  0  0  0  0
  2  3  1  0  0  0  0
  4  1  1  0  0  0  0
M  END
",
            },
            "reaction": {
              "Label": "OH by SH",
              "rxnCode": "eFHBLGtV!eFB@HcA}E\`#aP aP#!R@AL]\\mp !R@AL]Nmp",
            },
          },
          {
            "products": [
              {
                "children": [
                  {
                    "products": [
                      {
                        "children": [],
                        "idCode": "gJPD@DDHRgj\`@",
                        "mf": "C3H8S2",
                        "molfile": "
Actelion Java MolfileCreator 1.0

  5  4  0  0  0  0  0  0  0  0999 V2000
    0.1021   -0.1776   -0.0000 C   0  0  0  0  0  0  0  0  0  0  0  0
    3.7040   -1.3873   -0.0000 C   0  0  0  0  0  0  0  0  0  0  0  0
    0.2407    0.1724   -0.0000 S   0  0  0  0  0  0  0  0  0  0  0  0
    0.3117   -0.0073   -0.0000 C   0  0  0  0  0  0  0  0  0  0  0  0
    4.0044   -1.2183   -0.0000 S   0  0  0  0  0  0  0  0  0  0  0  0
  1  2  1  0  0  0  0
  3  1  1  0  0  0  0
  3  4  1  0  0  0  0
  5  2  1  0  0  0  0
M  END
",
                      },
                    ],
                    "reactant": {
                      "idCode": "gJQHB@aJ^j@@",
                      "mf": "C3H8OS",
                      "molfile": "
Actelion Java MolfileCreator 1.0

  5  4  0  0  0  0  0  0  0  0999 V2000
   18.7877   -8.0008   -0.0000 C   0  0  0  0  0  0  0  0  0  0  0  0
   18.7645   -9.0005   -0.0000 C   0  0  0  0  0  0  0  0  0  0  0  0
   19.6187   -9.5204   -0.0000 O   0  0  0  0  0  0  0  0  0  0  0  0
   19.6757   -7.5152   -0.0000 S   0  0  0  0  0  0  0  0  0  0  0  0
   20.5359   -8.0008   -0.0000 C   0  0  0  0  0  0  0  0  0  0  0  0
  1  2  1  0  0  0  0
  2  3  1  0  0  0  0
  4  1  1  0  0  0  0
  4  5  1  0  0  0  0
M  END
",
                    },
                    "reaction": {
                      "Label": "OH by SH",
                      "rxnCode": "eFHBLGtV!eFB@HcA}E\`#aP aP#!R@AL]\\mp !R@AL]Nmp",
                    },
                  },
                ],
                "idCode": "gJQHB@aJ^j@@",
                "mf": "C3H8OS",
                "molfile": "
Actelion Java MolfileCreator 1.0

  5  4  0  0  0  0  0  0  0  0999 V2000
   18.7877   -8.0008   -0.0000 C   0  0  0  0  0  0  0  0  0  0  0  0
   18.7645   -9.0005   -0.0000 C   0  0  0  0  0  0  0  0  0  0  0  0
   19.6187   -9.5204   -0.0000 O   0  0  0  0  0  0  0  0  0  0  0  0
   19.6757   -7.5152   -0.0000 S   0  0  0  0  0  0  0  0  0  0  0  0
   20.5359   -8.0008   -0.0000 C   0  0  0  0  0  0  0  0  0  0  0  0
  1  2  1  0  0  0  0
  2  3  1  0  0  0  0
  4  1  1  0  0  0  0
  4  5  1  0  0  0  0
M  END
",
              },
            ],
            "reactant": {
              "idCode": "gCaHL@aIZ\`@",
              "mf": "C2H6OS",
              "molfile": "
Actelion Java MolfileCreator 1.0

  4  3  0  0  0  0  0  0  0  0999 V2000
   19.5729   -7.3308   -0.0000 C   0  0  0  0  0  0  0  0  0  0  0  0
   19.5617   -8.3308   -0.0000 C   0  0  0  0  0  0  0  0  0  0  0  0
   20.4220   -8.8405   -0.0000 O   0  0  0  0  0  0  0  0  0  0  0  0
   20.4444   -6.8406   -0.0000 S   0  0  0  0  0  0  0  0  0  0  0  0
  1  2  1  0  0  0  0
  2  3  1  0  0  0  0
  4  1  1  0  0  0  0
M  END
",
            },
            "reaction": {
              "Label": "SH to SMe",
              "rxnCode": "eFB@HcAa@!eMB@HchH#S\\ S\\@#!R@FL]bgp !R@FL?XqwZ_@",
            },
          },
        ],
        "idCode": "gCaHL@aIZ\`@",
        "mf": "C2H6OS",
        "molfile": "
Actelion Java MolfileCreator 1.0

  4  3  0  0  0  0  0  0  0  0999 V2000
   19.5729   -7.3308   -0.0000 C   0  0  0  0  0  0  0  0  0  0  0  0
   19.5617   -8.3308   -0.0000 C   0  0  0  0  0  0  0  0  0  0  0  0
   20.4220   -8.8405   -0.0000 O   0  0  0  0  0  0  0  0  0  0  0  0
   20.4444   -6.8406   -0.0000 S   0  0  0  0  0  0  0  0  0  0  0  0
  1  2  1  0  0  0  0
  2  3  1  0  0  0  0
  4  1  1  0  0  0  0
M  END
",
      },
    ],
    "reactant": {
      "idCode": "gC\`\`Adej@@",
      "mf": "C2H6O2",
      "molfile": "
Actelion Java MolfileCreator 1.0

  4  3  0  0  0  0  0  0  0  0999 V2000
    2.5981   -0.0000   -0.0000 O   0  0  0  0  0  0  0  0  0  0  0  0
    1.7321   -0.5000   -0.0000 C   0  0  0  0  0  0  0  0  0  0  0  0
    0.8660   -0.0000   -0.0000 C   0  0  0  0  0  0  0  0  0  0  0  0
    0.0000   -0.5000   -0.0000 O   0  0  0  0  0  0  0  0  0  0  0  0
  1  2  1  0  0  0  0
  2  3  1  0  0  0  0
  3  4  1  0  0  0  0
M  END
",
    },
    "reaction": {
      "Label": "OH by SH",
      "rxnCode": "eFHBLGtV!eFB@HcA}E\`#aP aP#!R@AL]\\mp !R@AL]Nmp",
    },
  },
]
`;
