// Vitest Snapshot v1, https://vitest.dev/guide/snapshot.html

exports[`ethanol 1`] = `
[
  [
    [
      {
        "path": [
          0,
        ],
        "pathLength": 0,
      },
    ],
    [
      {
        "path": [
          0,
          1,
        ],
        "pathLength": 1,
      },
    ],
    [
      {
        "path": [
          0,
          1,
          2,
        ],
        "pathLength": 2,
      },
    ],
    [],
    [],
    [],
  ],
  [
    [
      {
        "path": [
          1,
        ],
        "pathLength": 0,
      },
    ],
    [
      {
        "path": [
          1,
          0,
        ],
        "pathLength": 1,
      },
      {
        "path": [
          1,
          2,
        ],
        "pathLength": 1,
      },
    ],
    [],
    [],
    [],
    [],
  ],
  [
    [
      {
        "path": [
          2,
        ],
        "pathLength": 0,
      },
    ],
    [
      {
        "path": [
          2,
          1,
        ],
        "pathLength": 1,
      },
    ],
    [
      {
        "path": [
          2,
          1,
          0,
        ],
        "pathLength": 2,
      },
    ],
    [],
    [],
    [],
  ],
]
`;
