// Jest Snapshot v1, https://goo.gl/fbAQLP

exports[`getShortestPaths C.C 1`] = `
[
  [
    [
      0,
    ],
    null,
    [
      0,
      2,
    ],
    [
      0,
      3,
    ],
    [
      0,
      4,
    ],
    [
      0,
      5,
    ],
    null,
    null,
    null,
    null,
  ],
  [
    null,
    [
      1,
    ],
    null,
    null,
    null,
    null,
    [
      1,
      6,
    ],
    [
      1,
      7,
    ],
    [
      1,
      8,
    ],
    [
      1,
      9,
    ],
  ],
  [
    [
      2,
      0,
    ],
    null,
    [
      2,
    ],
    [
      2,
      0,
      3,
    ],
    [
      2,
      0,
      4,
    ],
    [
      2,
      0,
      5,
    ],
    null,
    null,
    null,
    null,
  ],
  [
    [
      3,
      0,
    ],
    null,
    [
      3,
      0,
      2,
    ],
    [
      3,
    ],
    [
      3,
      0,
      4,
    ],
    [
      3,
      0,
      5,
    ],
    null,
    null,
    null,
    null,
  ],
  [
    [
      4,
      0,
    ],
    null,
    [
      4,
      0,
      2,
    ],
    [
      4,
      0,
      3,
    ],
    [
      4,
    ],
    [
      4,
      0,
      5,
    ],
    null,
    null,
    null,
    null,
  ],
  [
    [
      5,
      0,
    ],
    null,
    [
      5,
      0,
      2,
    ],
    [
      5,
      0,
      3,
    ],
    [
      5,
      0,
      4,
    ],
    [
      5,
    ],
    null,
    null,
    null,
    null,
  ],
  [
    null,
    [
      6,
      1,
    ],
    null,
    null,
    null,
    null,
    [
      6,
    ],
    [
      6,
      1,
      7,
    ],
    [
      6,
      1,
      8,
    ],
    [
      6,
      1,
      9,
    ],
  ],
  [
    null,
    [
      7,
      1,
    ],
    null,
    null,
    null,
    null,
    [
      7,
      1,
      6,
    ],
    [
      7,
    ],
    [
      7,
      1,
      8,
    ],
    [
      7,
      1,
      9,
    ],
  ],
  [
    null,
    [
      8,
      1,
    ],
    null,
    null,
    null,
    null,
    [
      8,
      1,
      6,
    ],
    [
      8,
      1,
      7,
    ],
    [
      8,
    ],
    [
      8,
      1,
      9,
    ],
  ],
  [
    null,
    [
      9,
      1,
    ],
    null,
    null,
    null,
    null,
    [
      9,
      1,
      6,
    ],
    [
      9,
      1,
      7,
    ],
    [
      9,
      1,
      8,
    ],
    [
      9,
    ],
  ],
]
`;
