// Vitest Snapshot v1, https://vitest.dev/guide/snapshot.html

exports[`TopicMolecule.getHoseFragment 1`] = `
[
  [
    [
      {
        "path": [
          0,
        ],
        "pathLength": 0,
      },
    ],
    [
      {
        "path": [
          0,
          1,
        ],
        "pathLength": 1,
      },
    ],
    [
      {
        "path": [
          0,
          1,
          2,
        ],
        "pathLength": 2,
      },
      {
        "path": [
          0,
          1,
          3,
        ],
        "pathLength": 2,
      },
    ],
    [
      {
        "path": [
          0,
          1,
          2,
          4,
        ],
        "pathLength": 3,
      },
      {
        "path": [
          0,
          1,
          2,
          5,
        ],
        "pathLength": 3,
      },
    ],
    [],
    [],
  ],
  [
    [
      {
        "path": [
          1,
        ],
        "pathLength": 0,
      },
    ],
    [
      {
        "path": [
          1,
          0,
        ],
        "pathLength": 1,
      },
      {
        "path": [
          1,
          2,
        ],
        "pathLength": 1,
      },
      {
        "path": [
          1,
          3,
        ],
        "pathLength": 1,
      },
    ],
    [
      {
        "path": [
          1,
          2,
          4,
        ],
        "pathLength": 2,
      },
      {
        "path": [
          1,
          2,
          5,
        ],
        "pathLength": 2,
      },
    ],
    [],
    [],
    [],
  ],
  [
    [
      {
        "path": [
          2,
        ],
        "pathLength": 0,
      },
    ],
    [
      {
        "path": [
          2,
          1,
        ],
        "pathLength": 1,
      },
      {
        "path": [
          2,
          4,
        ],
        "pathLength": 1,
      },
      {
        "path": [
          2,
          5,
        ],
        "pathLength": 1,
      },
    ],
    [
      {
        "path": [
          2,
          1,
          0,
        ],
        "pathLength": 2,
      },
      {
        "path": [
          2,
          1,
          3,
        ],
        "pathLength": 2,
      },
    ],
    [],
    [],
    [],
  ],
  [
    [
      {
        "path": [
          3,
        ],
        "pathLength": 0,
      },
    ],
    [
      {
        "path": [
          3,
          1,
        ],
        "pathLength": 1,
      },
    ],
    [
      {
        "path": [
          3,
          1,
          0,
        ],
        "pathLength": 2,
      },
      {
        "path": [
          3,
          1,
          2,
        ],
        "pathLength": 2,
      },
    ],
    [
      {
        "path": [
          3,
          1,
          2,
          4,
        ],
        "pathLength": 3,
      },
      {
        "path": [
          3,
          1,
          2,
          5,
        ],
        "pathLength": 3,
      },
    ],
    [],
    [],
  ],
  [
    [
      {
        "path": [
          4,
        ],
        "pathLength": 0,
      },
    ],
    [
      {
        "path": [
          4,
          2,
        ],
        "pathLength": 1,
      },
    ],
    [
      {
        "path": [
          4,
          2,
          1,
        ],
        "pathLength": 2,
      },
      {
        "path": [
          4,
          2,
          5,
        ],
        "pathLength": 2,
      },
    ],
    [
      {
        "path": [
          4,
          2,
          1,
          0,
        ],
        "pathLength": 3,
      },
      {
        "path": [
          4,
          2,
          1,
          3,
        ],
        "pathLength": 3,
      },
    ],
    [],
    [],
  ],
  [
    [
      {
        "path": [
          5,
        ],
        "pathLength": 0,
      },
    ],
    [
      {
        "path": [
          5,
          2,
        ],
        "pathLength": 1,
      },
    ],
    [
      {
        "path": [
          5,
          2,
          1,
        ],
        "pathLength": 2,
      },
      {
        "path": [
          5,
          2,
          4,
        ],
        "pathLength": 2,
      },
    ],
    [
      {
        "path": [
          5,
          2,
          1,
          0,
        ],
        "pathLength": 3,
      },
      {
        "path": [
          5,
          2,
          1,
          3,
        ],
        "pathLength": 3,
      },
    ],
    [],
    [],
  ],
]
`;
